./TC161019A: output: done.
./TC161029A: output: done.
./TC161107A: output: done.
./TC161222A: output: done.
./TC161222B: output: done.
./TC170406A: output: done.
./TC170515A: output: done.
