   00000     41424344 45464748 00004F74 68657273   - ABCDEFGH..Others
   00010     00000000 00000000 00000000 00000000   - ................
   00020     00000000 00000000 00000000 00000000   - ................
   00030     00000000 00000000 00000000 00000000   - ................
   00040     00000000 00000000 00000000 00000000   - ................
   00050     00000000 00000000 00000000 00000000   - ................
   00060     00006100 ........ ........ ........   - ..a.............
output: done.
